2025-07-31 01:10:25,470 - app - INFO - Initializing application
2025-07-31 01:10:25,576 - app.services - DEBUG - Initializing services package
2025-07-31 01:10:25,580 - app - DEBUG - [app.models.json_user] Logging started for json_user.py
2025-07-31 01:10:25,714 - app - INFO - Enhanced logging service initialized
2025-07-31 01:10:25,714 - app - INFO - Enhanced logging service initialized
2025-07-31 01:10:26,183 - app.services.email_service - DEBUG - Initializing EmailService
2025-07-31 01:10:26,219 - app - DEBUG - Initializing import/export service
2025-07-31 01:10:26,224 - app - DEBUG - [app.decorators] Logging started for decorators.py
2025-07-31 01:10:26,224 - app - DEBUG - [app.decorators] Applying permission_required decorator for permission: ['dashboard_view']
2025-07-31 01:10:26,226 - app - DEBUG - [app.decorators] Applying permission_required decorator for permission: ['equipment_ppm_read', 'equipment_ocm_read']
2025-07-31 01:10:26,226 - app - DEBUG - [app.decorators] Applying permission_required decorator for permission: ['equipment_ppm_write']
2025-07-31 01:10:26,226 - app - DEBUG - [app.decorators] Applying permission_required decorator for permission: ['equipment_ocm_write']
2025-07-31 01:10:26,227 - app - DEBUG - [app.decorators] Applying permission_required decorator for permission: ['equipment_ppm_write']
2025-07-31 01:10:26,227 - app - DEBUG - [app.decorators] Applying permission_required decorator for permission: ['equipment_ocm_write']
2025-07-31 01:10:26,227 - app - DEBUG - [app.decorators] Applying permission_required decorator for permission: ['equipment_ppm_delete', 'equipment_ocm_delete']
2025-07-31 01:10:26,227 - app - DEBUG - [app.decorators] Applying permission_required decorator for permission: ['equipment_ppm_import_export', 'equipment_ocm_import_export']
2025-07-31 01:10:26,227 - app - DEBUG - [app.decorators] Applying permission_required decorator for permission: ['equipment_ppm_import_export', 'equipment_ocm_import_export']
2025-07-31 01:10:26,227 - app - DEBUG - [app.decorators] Applying permission_required decorator for permission: ['equipment_ppm_import_export', 'equipment_ocm_import_export']
2025-07-31 01:10:26,227 - app - DEBUG - [app.decorators] Applying permission_required decorator for permission: ['equipment_ppm_import_export', 'equipment_ocm_import_export', 'training_manage']
2025-07-31 01:10:26,227 - app - DEBUG - [app.decorators] Applying permission_required decorator for permission: ['settings_manage']
2025-07-31 01:10:26,228 - app - DEBUG - [app.decorators] Applying permission_required decorator for permission: ['settings_manage']
2025-07-31 01:10:26,228 - app - DEBUG - [app.decorators] Applying permission_required decorator for permission: ['settings_manage']
2025-07-31 01:10:26,228 - app - DEBUG - [app.decorators] Applying permission_required decorator for permission: ['settings_email_test']
2025-07-31 01:10:26,228 - app - DEBUG - [app.decorators] Applying permission_required decorator for permission: ['training_manage']
2025-07-31 01:10:26,228 - app - DEBUG - [app.decorators] Applying permission_required decorator for permission: ['equipment_ppm_write', 'equipment_ocm_write']
2025-07-31 01:10:26,228 - app - DEBUG - [app.decorators] Applying permission_required decorator for permission: ['equipment_ppm_write', 'equipment_ocm_write']
2025-07-31 01:10:26,228 - app - DEBUG - [app.decorators] Applying permission_required decorator for permission: ['equipment_ppm_write', 'equipment_ocm_write']
2025-07-31 01:10:26,228 - app - DEBUG - [app.decorators] Applying permission_required decorator for permission: ['equipment_ppm_write', 'equipment_ocm_write']
2025-07-31 01:10:26,228 - app - DEBUG - [app.decorators] Applying permission_required decorator for permission: ['equipment_ppm_write', 'equipment_ocm_write']
2025-07-31 01:10:26,228 - app - DEBUG - [app.decorators] Applying permission_required decorator for permission: ['equipment_ppm_write', 'equipment_ocm_write']
2025-07-31 01:10:26,229 - app - DEBUG - [app.decorators] Applying permission_required decorator for permission: ['equipment_ppm_read', 'equipment_ocm_read']
2025-07-31 01:10:26,229 - app - DEBUG - [app.decorators] Applying permission_required decorator for permission: ['equipment_ppm_read', 'equipment_ocm_read']
2025-07-31 01:10:26,229 - app - DEBUG - [app.decorators] Applying permission_required decorator for permission: ['equipment_ppm_write', 'equipment_ocm_write']
2025-07-31 01:10:26,229 - app - DEBUG - [app.decorators] Applying permission_required decorator for permission: ['equipment_ppm_write', 'equipment_ocm_write']
2025-07-31 01:10:26,229 - app - DEBUG - [app.decorators] Applying permission_required decorator for permission: ['dashboard_view']
2025-07-31 01:10:26,229 - app - DEBUG - [app.decorators] Applying permission_required decorator for permission: ['audit_log_view']
2025-07-31 01:10:26,229 - app - DEBUG - [app.decorators] Applying permission_required decorator for permission: ['audit_log_export']
2025-07-31 01:10:26,229 - app - DEBUG - [app.decorators] Applying permission_required decorator for permission: ['backup_manage']
2025-07-31 01:10:26,229 - app - DEBUG - [app.decorators] Applying permission_required decorator for permission: ['backup_manage']
2025-07-31 01:10:26,230 - app - DEBUG - [app.decorators] Applying permission_required decorator for permission: ['backup_manage']
2025-07-31 01:10:26,230 - app - DEBUG - [app.decorators] Applying permission_required decorator for permission: ['backup_manage']
2025-07-31 01:10:26,230 - app - DEBUG - [app.decorators] Applying permission_required decorator for permission: ['backup_manage']
2025-07-31 01:10:26,230 - app - DEBUG - [app.decorators] Applying permission_required decorator for permission: ['user_manage']
2025-07-31 01:10:26,231 - app - DEBUG - [app.decorators] Applying permission_required decorator for permission: ['equipment_ppm_read', 'equipment_ocm_read']
2025-07-31 01:10:26,232 - app - DEBUG - [app.decorators] Applying permission_required decorator for permission: ['equipment_ppm_read', 'equipment_ocm_read']
2025-07-31 01:10:26,232 - app - DEBUG - [app.decorators] Applying permission_required decorator for permission: ['equipment_ppm_write', 'equipment_ocm_write']
2025-07-31 01:10:26,232 - app - DEBUG - [app.decorators] Applying permission_required decorator for permission: ['equipment_ppm_write', 'equipment_ocm_write']
2025-07-31 01:10:26,232 - app - DEBUG - [app.decorators] Applying permission_required decorator for permission: ['equipment_ppm_delete', 'equipment_ocm_delete']
2025-07-31 01:10:26,232 - app - DEBUG - [app.decorators] Applying permission_required decorator for permission: ['export_data']
2025-07-31 01:10:26,232 - app - DEBUG - [app.decorators] Applying permission_required decorator for permission: ['import_data']
2025-07-31 01:10:26,232 - app - DEBUG - [app.decorators] Applying permission_required decorator for permission: ['equipment_ppm_delete', 'equipment_ocm_delete']
2025-07-31 01:10:26,232 - app - DEBUG - [app.decorators] Applying permission_required decorator for permission: ['training_write']
2025-07-31 01:10:26,233 - app - DEBUG - [app.decorators] Applying permission_required decorator for permission: ['training_read']
2025-07-31 01:10:26,233 - app - DEBUG - [app.decorators] Applying permission_required decorator for permission: ['training_read']
2025-07-31 01:10:26,233 - app - DEBUG - [app.decorators] Applying permission_required decorator for permission: ['training_write']
2025-07-31 01:10:26,233 - app - DEBUG - [app.decorators] Applying permission_required decorator for permission: ['training_delete']
2025-07-31 01:10:26,233 - app - DEBUG - [app.decorators] Applying permission_required decorator for permission: ['training_delete']
2025-07-31 01:10:26,233 - app - DEBUG - [app.decorators] Applying permission_required decorator for permission: ['settings_read']
2025-07-31 01:10:26,233 - app - DEBUG - [app.decorators] Applying permission_required decorator for permission: ['settings_manage']
2025-07-31 01:10:26,233 - app - DEBUG - [app.decorators] Applying permission_required decorator for permission: ['settings_manage']
2025-07-31 01:10:26,233 - app - DEBUG - [app.decorators] Applying permission_required decorator for permission: ['backup_manage']
2025-07-31 01:10:26,234 - app - DEBUG - [app.decorators] Applying permission_required decorator for permission: ['backup_manage']
2025-07-31 01:10:26,234 - app - DEBUG - [app.decorators] Applying permission_required decorator for permission: ['backup_manage']
2025-07-31 01:10:26,234 - app - DEBUG - [app.decorators] Applying permission_required decorator for permission: ['backup_manage']
2025-07-31 01:10:26,234 - app - DEBUG - [app.decorators] Applying permission_required decorator for permission: ['equipment_ppm_read', 'equipment_ocm_read']
2025-07-31 01:10:26,234 - app - DEBUG - [app.decorators] Applying permission_required decorator for permission: ['equipment_ppm_write', 'equipment_ocm_write']
2025-07-31 01:10:26,234 - app - DEBUG - [app.decorators] Applying permission_required decorator for permission: ['equipment_ppm_write', 'equipment_ocm_write']
2025-07-31 01:10:26,234 - app - DEBUG - [app.decorators] Applying permission_required decorator for permission: ['equipment_ppm_read', 'equipment_ocm_read']
2025-07-31 01:10:26,234 - app - DEBUG - [app.decorators] Applying permission_required decorator for permission: ['equipment_ppm_write', 'equipment_ocm_write']
2025-07-31 01:10:26,234 - app - DEBUG - [app.decorators] Applying permission_required decorator for permission: ['equipment_ppm_write', 'equipment_ocm_write']
2025-07-31 01:10:26,235 - app - DEBUG - [app.decorators] Applying permission_required decorator for permission: ['settings_manage']
2025-07-31 01:10:26,235 - app - DEBUG - [app.decorators] Applying permission_required decorator for permission: ['settings_manage']
2025-07-31 01:10:26,235 - app - DEBUG - [app.decorators] Applying permission_required decorator for permission: ['settings_manage']
2025-07-31 01:10:26,235 - app - DEBUG - [app.decorators] Applying permission_required decorator for permission: ['settings_manage']
2025-07-31 01:10:26,235 - app - DEBUG - [app.decorators] Applying permission_required decorator for permission: ['settings_manage']
2025-07-31 01:10:26,235 - app - DEBUG - [app.decorators] Applying permission_required decorator for permission: ['dashboard_view']
2025-07-31 01:10:26,235 - app - DEBUG - [app.decorators] Applying permission_required decorator for permission: ['settings_manage']
2025-07-31 01:10:26,235 - app - DEBUG - [app.decorators] Applying permission_required decorator for permission: ['settings_manage']
2025-07-31 01:10:26,235 - app - DEBUG - [app.decorators] Applying permission_required decorator for permission: ['settings_manage']
2025-07-31 01:10:26,235 - app - DEBUG - [app.decorators] Applying permission_required decorator for permission: ['settings_manage']
2025-07-31 01:10:26,236 - app - DEBUG - [app.decorators] Applying permission_required decorator for permission: ['settings_manage']
2025-07-31 01:10:26,236 - app - DEBUG - [app.decorators] Applying permission_required decorator for permission: ['dashboard_view']
2025-07-31 01:10:26,236 - app - DEBUG - [app.decorators] Applying permission_required decorator for permission: ['dashboard_view']
2025-07-31 01:10:26,236 - app - DEBUG - [app.decorators] Applying permission_required decorator for permission: ['equipment_ppm_read', 'equipment_ocm_read']
2025-07-31 01:10:26,236 - app - DEBUG - [app.decorators] Applying permission_required decorator for permission: ['equipment_ppm_read', 'equipment_ocm_read']
2025-07-31 01:10:26,236 - app - DEBUG - [app.decorators] Applying permission_required decorator for permission: ['equipment_ppm_write', 'equipment_ocm_write']
2025-07-31 01:10:26,236 - app - DEBUG - [app.decorators] Applying permission_required decorator for permission: ['equipment_ppm_write', 'equipment_ocm_write']
2025-07-31 01:10:26,236 - app - DEBUG - [app.decorators] Applying permission_required decorator for permission: ['equipment_ppm_write', 'equipment_ocm_write']
2025-07-31 01:10:26,237 - app - DEBUG - [app.routes.auth] Logging started for auth.py
2025-07-31 01:10:26,237 - app - DEBUG - [app.routes.auth] Auth blueprint initialized
2025-07-31 01:10:26,280 - app - INFO - Email scheduler thread initiated from create_app.
2025-07-31 01:10:26,280 - app - INFO - Email scheduler thread initiated from create_app.
2025-07-31 01:10:26,281 - app - INFO - Push Notification scheduler thread initiated from create_app.
2025-07-31 01:10:26,281 - app - INFO - Push Notification scheduler thread initiated from create_app.
2025-07-31 01:10:26,282 - app.services.backup_service - INFO - Backup scheduler loop started
2025-07-31 01:10:26,282 - app.services.backup_service - INFO - Automatic backup scheduler started
2025-07-31 01:10:26,282 - app.services.backup_service - INFO - Backup scheduler loop started
2025-07-31 01:10:26,283 - app.services.data_service - DEBUG - Attempting to load settings.
2025-07-31 01:10:26,282 - app.services.backup_service - INFO - Automatic backup scheduler started
2025-07-31 01:10:26,283 - app.services.data_service - DEBUG - Checking existence of settings file: data\settings.json
2025-07-31 01:10:26,283 - app - INFO - Automatic backup scheduler initiated from create_app.
2025-07-31 01:10:26,283 - app - INFO - Automatic backup scheduler initiated from create_app.
2025-07-31 01:10:26,284 - app.services.data_service - DEBUG - Settings file data\settings.json already exists.
2025-07-31 01:10:26,284 - app - INFO - Application initialization complete
2025-07-31 01:10:26,284 - app.services.data_service - DEBUG - Reading settings from file: data\settings.json
2025-07-31 01:10:26,284 - app - INFO - Application initialization complete
2025-07-31 01:10:26,285 - app - INFO - Attempting to update PPM statuses on application startup...
2025-07-31 01:10:26,285 - app.services.data_service - INFO - Successfully loaded settings from data\settings.json: {'email_notifications_enabled': True, 'email_reminder_interval_minutes': 60, 'recipient_email': 'kristinacorazon03@gmail.com', 'push_notifications_enabled': True, 'push_notification_interval_minutes': 60, 'email_send_time_hour': 7, 'reminder_timing': {'60_days_before': False, '14_days_before': False, '1_day_before': False}, 'scheduler_interval_hours': 24, 'enable_automatic_reminders': True, 'cc_emails': 'cherylmaepuyos94@gmail.com', 'automatic_backup_enabled': False, 'automatic_backup_interval_hours': 24, 'users': [{'username': 'editor1', 'password': 'editor', 'role': 'Editor'}, {'username': 'admin', 'password': 'scrypt:32768:8:1$nm00DCOZAbGB7E2A$dc9ee24fc19f652da9fcc2e06052831b3b218164ab9456c76261f41610fee54d5b5dbfa9bee5d2bc11595a41fa28fdea3809013f2fb8b342e990b857dbf9b9b4', 'role': 'Admin'}, {'username': 'viewer1', 'password': 'viewer', 'role': 'Viewer'}, {'username': 'editor2', 'password': 'scrypt:32768:8:1$Hwf4db4X4tage9XT$ddacdd3484463d3b32f1b9eda19ce46a322c86056c53b23279dd8fd787c276aad26e8143f547206195c771ce708429bac3bb64b5ae272720d86b49afcf247ff7', 'role': 'Editor'}], 'roles': {'Admin': {'permissions': ['dashboard_view', 'equipment_ppm_read', 'equipment_ppm_write', 'equipment_ppm_delete', 'equipment_ppm_import_export', 'equipment_ocm_read', 'equipment_ocm_write', 'equipment_ocm_delete', 'equipment_ocm_import_export', 'training_manage', 'training_read', 'training_write', 'training_delete', 'audit_log_view', 'audit_log_export', 'user_manage', 'settings_read', 'settings_manage', 'settings_email_test', 'backup_manage', 'import_data', 'export_data']}, 'Editor': {'permissions': ['dashboard_view', 'equipment_ppm_read', 'equipment_ppm_write', 'equipment_ppm_delete', 'equipment_ppm_import_export', 'equipment_ocm_read', 'equipment_ocm_write', 'equipment_ocm_delete', 'equipment_ocm_import_export', 'training_manage', 'training_read', 'training_write', 'training_delete', 'import_data', 'export_data']}, 'Viewer': {'permissions': ['dashboard_view', 'equipment_ppm_read', 'equipment_ocm_read']}}, 'daily_send_time_enabled': True, 'legacy_interval_enabled': False, 'email_send_time_minute': 38, 'email_send_time': '07:30', 'use_daily_send_time': True, 'use_legacy_interval': False}
2025-07-31 01:10:26,285 - app - INFO - Attempting to update PPM statuses on application startup...
2025-07-31 01:10:26,285 - app.services.data_service - INFO - Successfully loaded settings from data\settings.json: {'email_notifications_enabled': True, 'email_reminder_interval_minutes': 60, 'recipient_email': 'kristinacorazon03@gmail.com', 'push_notifications_enabled': True, 'push_notification_interval_minutes': 60, 'email_send_time_hour': 7, 'reminder_timing': {'60_days_before': False, '14_days_before': False, '1_day_before': False}, 'scheduler_interval_hours': 24, 'enable_automatic_reminders': True, 'cc_emails': 'cherylmaepuyos94@gmail.com', 'automatic_backup_enabled': False, 'automatic_backup_interval_hours': 24, 'users': [{'username': 'editor1', 'password': 'editor', 'role': 'Editor'}, {'username': 'admin', 'password': 'scrypt:32768:8:1$nm00DCOZAbGB7E2A$dc9ee24fc19f652da9fcc2e06052831b3b218164ab9456c76261f41610fee54d5b5dbfa9bee5d2bc11595a41fa28fdea3809013f2fb8b342e990b857dbf9b9b4', 'role': 'Admin'}, {'username': 'viewer1', 'password': 'viewer', 'role': 'Viewer'}, {'username': 'editor2', 'password': 'scrypt:32768:8:1$Hwf4db4X4tage9XT$ddacdd3484463d3b32f1b9eda19ce46a322c86056c53b23279dd8fd787c276aad26e8143f547206195c771ce708429bac3bb64b5ae272720d86b49afcf247ff7', 'role': 'Editor'}], 'roles': {'Admin': {'permissions': ['dashboard_view', 'equipment_ppm_read', 'equipment_ppm_write', 'equipment_ppm_delete', 'equipment_ppm_import_export', 'equipment_ocm_read', 'equipment_ocm_write', 'equipment_ocm_delete', 'equipment_ocm_import_export', 'training_manage', 'training_read', 'training_write', 'training_delete', 'audit_log_view', 'audit_log_export', 'user_manage', 'settings_read', 'settings_manage', 'settings_email_test', 'backup_manage', 'import_data', 'export_data']}, 'Editor': {'permissions': ['dashboard_view', 'equipment_ppm_read', 'equipment_ppm_write', 'equipment_ppm_delete', 'equipment_ppm_import_export', 'equipment_ocm_read', 'equipment_ocm_write', 'equipment_ocm_delete', 'equipment_ocm_import_export', 'training_manage', 'training_read', 'training_write', 'training_delete', 'import_data', 'export_data']}, 'Viewer': {'permissions': ['dashboard_view', 'equipment_ppm_read', 'equipment_ocm_read']}}, 'daily_send_time_enabled': True, 'legacy_interval_enabled': False, 'email_send_time_minute': 38, 'email_send_time': '07:30', 'use_daily_send_time': True, 'use_legacy_interval': False}
2025-07-31 01:10:26,286 - app.services.data_service - INFO - Starting update of all PPM statuses.
2025-07-31 01:10:26,286 - app.services.backup_service - DEBUG - Automatic backup is disabled
2025-07-31 01:10:26,286 - app.services.data_service - INFO - Starting update of all PPM statuses.
2025-07-31 01:10:26,286 - app.services.backup_service - INFO - Backup scheduler sleeping for 24 hours (86400 seconds)
2025-07-31 01:10:26,286 - app.services.backup_service - INFO - Backup scheduler sleeping for 24 hours (86400 seconds)
2025-07-31 01:10:26,287 - app.services.data_service - DEBUG - Starting load_data method with data_type='ppm'
2025-07-31 01:10:26,287 - app.services.data_service - DEBUG - Calling DataService.ensure_data_files_exist()
2025-07-31 01:10:26,288 - app.services.data_service - DEBUG - Ensuring data files exist
2025-07-31 01:10:26,288 - app.services.data_service - DEBUG - Using data directory: data
2025-07-31 01:10:26,288 - app.services.data_service - DEBUG - Checking PPM data file: data\ppm.json
2025-07-31 01:10:26,289 - app.services.data_service - DEBUG - Checking OCM data file: data\ocm.json
2025-07-31 01:10:26,289 - app.services.data_service - DEBUG - Checking existence of settings file: data\settings.json
2025-07-31 01:10:26,289 - app.services.data_service - DEBUG - Settings file data\settings.json already exists.
2025-07-31 01:10:26,289 - app.services.data_service - DEBUG - Determining file path based on data_type
2025-07-31 01:10:26,290 - app.services.data_service - DEBUG - Selected PPM file path: data\ppm.json
2025-07-31 01:10:26,290 - app.services.data_service - DEBUG - Opening file for reading: data\ppm.json
2025-07-31 01:10:26,290 - app.services.data_service - DEBUG - Reading content from file: data\ppm.json
2025-07-31 01:10:26,293 - app.services.data_service - DEBUG - Checking if file content is empty
2025-07-31 01:10:26,293 - app.services.data_service - DEBUG - Attempting to decode JSON content
2025-07-31 01:10:26,302 - app.services.data_service - DEBUG - Successfully decoded JSON. Data type: <class 'list'>
2025-07-31 01:10:26,302 - app.services.data_service - DEBUG - Loaded data sample (first 2 items): [{'NO': 1058, 'Department': 'OR', 'Name': 'WARMER', 'MODEL': 'RAMONAK-03', 'SERIAL': '5231035', 'MANUFACTURER': 'TAHAT', 'LOG_Number': 'N/A', 'Installation_Date': None, 'Warranty_End': None, 'PPM_Q_I': {'engineer': 'SUJITH', 'quarter_date': '10/04/2027', 'status': 'Upcoming'}, 'PPM_Q_II': {'engineer': 'ARUN', 'quarter_date': '10/07/2027', 'status': 'Upcoming'}, 'PPM_Q_III': {'engineer': 'SUJITH', 'quarter_date': '10/10/2027', 'status': 'Upcoming'}, 'PPM_Q_IV': {'engineer': 'ARUN', 'quarter_date': '10/01/2028', 'status': 'Upcoming'}, 'Status': 'Upcoming', 'has_history': True}, {'NO': 1057, 'Department': 'OR', 'Name': 'ANESTHESIA MACHINE', 'MODEL': 'ASPIRE7100', 'SERIAL': 'AMXG00825', 'MANUFACTURER': 'N/A', 'LOG_Number': 'N/A', 'Installation_Date': None, 'Warranty_End': None, 'PPM_Q_I': {'engineer': 'SUJITH', 'quarter_date': '10/04/2027', 'status': 'Upcoming'}, 'PPM_Q_II': {'engineer': 'ARUN', 'quarter_date': '10/07/2027', 'status': 'Upcoming'}, 'PPM_Q_III': {'engineer': 'SUJITH', 'quarter_date': '10/10/2027', 'status': 'Upcoming'}, 'PPM_Q_IV': {'engineer': 'ARUN', 'quarter_date': '10/01/2028', 'status': 'Upcoming'}, 'Status': 'Upcoming', 'has_history': True}]
2025-07-31 01:10:26,303 - app.services.data_service - DEBUG - Returning loaded data with 1058 entries
2025-07-31 01:10:26,351 - app.services.data_service - INFO - No PPM statuses required updating.
2025-07-31 01:10:26,351 - app.services.data_service - INFO - No PPM statuses required updating.
2025-07-31 01:10:26,353 - app - INFO - PPM statuses update process completed.
2025-07-31 01:10:26,353 - app - INFO - PPM statuses update process completed.
2025-07-31 01:10:26,354 - __main__ - INFO - Scheduler is configured to be enabled. It will be started by create_app().
2025-07-31 01:10:26,354 - __main__ - INFO - Starting Flask development server on http://0.0.0.0:5001
2025-07-31 01:10:26,501 - app.services.push_notification_service - INFO - PushNotificationService class loading.
2025-07-31 01:10:26,501 - app.services.push_notification_service - INFO - PushNotificationService class loading.
2025-07-31 01:10:26,503 - app - INFO - Background thread for scheduler is starting.
2025-07-31 01:10:26,503 - app - INFO - Background thread for Push Notification scheduler is starting.
2025-07-31 01:10:26,503 - app - INFO - Background thread for scheduler is starting.
2025-07-31 01:10:26,503 - app - INFO - Background thread for Push Notification scheduler is starting.
2025-07-31 01:10:26,503 - app.services.email_service - INFO - Email reminder scheduler async loop started in process ID: 12200.
2025-07-31 01:10:26,504 - app.services.push_notification_service - INFO - Attempting to start Push Notification Scheduler async loop.
2025-07-31 01:10:26,503 - app.services.email_service - INFO - Email reminder scheduler async loop started in process ID: 12200.
2025-07-31 01:10:26,504 - app.services.push_notification_service - INFO - Attempting to start Push Notification Scheduler async loop.
2025-07-31 01:10:26,504 - app.services.email_service - WARNING - If running multiple application instances (e.g., Gunicorn workers), ensure this scheduler is enabled in only ONE instance to avoid duplicate emails.
2025-07-31 01:10:26,504 - app.services.push_notification_service - INFO - Push Notification reminder scheduler async loop initiated in process ID: 12200.
2025-07-31 01:10:26,504 - app.services.email_service - WARNING - If running multiple application instances (e.g., Gunicorn workers), ensure this scheduler is enabled in only ONE instance to avoid duplicate emails.
2025-07-31 01:10:26,505 - app.services.email_service - INFO - Scheduler starting. Initial delay of 30 seconds before first run.
2025-07-31 01:10:26,504 - app.services.push_notification_service - INFO - Push Notification reminder scheduler async loop initiated in process ID: 12200.
2025-07-31 01:10:26,505 - app.services.email_service - INFO - Scheduler starting. Initial delay of 30 seconds before first run.
2025-07-31 01:10:26,505 - app.services.push_notification_service - WARNING - If running multiple application instances (e.g., Gunicorn workers), ensure this scheduler is enabled in only ONE instance if push logic isn't idempotent or if it involves external state not designed for concurrency.
2025-07-31 01:10:26,505 - app.services.push_notification_service - WARNING - If running multiple application instances (e.g., Gunicorn workers), ensure this scheduler is enabled in only ONE instance if push logic isn't idempotent or if it involves external state not designed for concurrency.
2025-07-31 01:10:26,505 - app.services.push_notification_service - INFO - Push Notification Scheduler: Initial delay of 45 seconds before first run.
2025-07-31 01:10:26,505 - app.services.push_notification_service - INFO - Push Notification Scheduler: Initial delay of 45 seconds before first run.
